Running typechecker test on 6 files

>>> Running typechecker test on ../../../../../spectec/testdata/interp/impty/base/_errors_add_bool.imp
Expected typechecker failure: ../../../../../spectec/testdata/interp/impty/base/_errors_add_bool.imp
  tracing backtrack logs:
invocation of relation Check_prog failed
└── application of rule Check_prog/ failed
    └── ../../../../../spectec/specs/impty/base/spec.spectec:143:6-143:19:
        invocation of relation Check_command failed
        ├── 1. application of rule Check_command/skip failed
        │   └── ../../../../../spectec/specs/impty/base/spec.spectec:107:9-107:13:
        │       condition command matches `SKIP` was not met
        ├── 2. application of rule Check_command/decl failed
        │   └── ../../../../../spectec/specs/impty/base/spec.spectec:111:6-111:16:
        │       invocation of relation Check_expr failed
        │       ├── 1. application of rule Check_expr/num failed
        │       │   └── ../../../../../spectec/specs/impty/base/spec.spectec:70:10-70:16:
        │       │       condition expr <: literal was not met
        │       ├── 2. application of rule Check_expr/boollit failed
        │       │   └── ../../../../../spectec/specs/impty/base/spec.spectec:73:10-73:17:
        │       │       condition expr <: literal was not met
        │       ├── 3. application of rule Check_expr/id failed
        │       │   └── ../../../../../spectec/specs/impty/base/spec.spectec:76:9-76:10:
        │       │       condition expr <: id was not met
        │       ├── 4. application of rule Check_expr/add failed
        │       │   └── ../../../../../spectec/specs/impty/base/spec.spectec:81:30-81:33:
        │       │       condition type matches `INT` was not met
        │       ├── 5. application of rule Check_expr/leq failed
        │       │   └── ../../../../../spectec/specs/impty/base/spec.spectec:85:9-85:20:
        │       │       condition expr matches `% <= %` was not met
        │       ├── 6. application of rule Check_expr/not failed
        │       │   └── ../../../../../spectec/specs/impty/base/spec.spectec:90:9-90:13:
        │       │       condition expr matches `! %` was not met
        │       └── 7. application of rule Check_expr/and failed
        │           └── ../../../../../spectec/specs/impty/base/spec.spectec:94:9-94:20:
        │               condition expr matches `% && %` was not met
        ├── 3. application of rule Check_command/assign failed
        │   └── ../../../../../spectec/specs/impty/base/spec.spectec:114:10-114:16:
        │       condition command matches `% = %` was not met
        ├── 4. application of rule Check_command/ite failed
        │   └── ../../../../../spectec/specs/impty/base/spec.spectec:119:10-119:36:
        │       condition command matches `IF % THEN % ELSE % END` was not met
        ├── 5. application of rule Check_command/while failed
        │   └── ../../../../../spectec/specs/impty/base/spec.spectec:125:10-125:26:
        │       condition command matches `WHILE % DO % END` was not met
        └── 6. application of rule Check_command/seq failed
            └── ../../../../../spectec/specs/impty/base/spec.spectec:130:10-130:20:
                condition command matches `% ; %` was not met


>>> Running typechecker test on ../../../../../spectec/testdata/interp/impty/base/_errors_assign_mismatch.imp
Expected typechecker failure: ../../../../../spectec/testdata/interp/impty/base/_errors_assign_mismatch.imp
  tracing backtrack logs:
invocation of relation Check_prog failed
└── application of rule Check_prog/ failed
    └── ../../../../../spectec/specs/impty/base/spec.spectec:143:6-143:19:
        invocation of relation Check_command failed
        ├── 1. application of rule Check_command/skip failed
        │   └── ../../../../../spectec/specs/impty/base/spec.spectec:107:9-107:13:
        │       condition command matches `SKIP` was not met
        ├── 2. application of rule Check_command/decl failed
        │   └── ../../../../../spectec/specs/impty/base/spec.spectec:110:10-110:21:
        │       condition command matches `% % = %` was not met
        ├── 3. application of rule Check_command/assign failed
        │   └── ../../../../../spectec/specs/impty/base/spec.spectec:114:10-114:16:
        │       condition command matches `% = %` was not met
        ├── 4. application of rule Check_command/ite failed
        │   └── ../../../../../spectec/specs/impty/base/spec.spectec:119:10-119:36:
        │       condition command matches `IF % THEN % ELSE % END` was not met
        ├── 5. application of rule Check_command/while failed
        │   └── ../../../../../spectec/specs/impty/base/spec.spectec:125:10-125:26:
        │       condition command matches `WHILE % DO % END` was not met
        └── 6. application of rule Check_command/seq failed
            └── ../../../../../spectec/specs/impty/base/spec.spectec:132:6-132:19:
                invocation of relation Check_command failed
                ├── 1. application of rule Check_command/skip failed
                │   └── ../../../../../spectec/specs/impty/base/spec.spectec:107:9-107:13:
                │       condition command matches `SKIP` was not met
                ├── 2. application of rule Check_command/decl failed
                │   └── ../../../../../spectec/specs/impty/base/spec.spectec:110:10-110:21:
                │       condition command matches `% % = %` was not met
                ├── 3. application of rule Check_command/assign failed
                │   └── ../../../../../spectec/specs/impty/base/spec.spectec:116:9-116:41:
                │       condition ($lookup_<id, type>(TC, x) = ?(type)) was not met
                ├── 4. application of rule Check_command/ite failed
                │   └── ../../../../../spectec/specs/impty/base/spec.spectec:119:10-119:36:
                │       condition command matches `IF % THEN % ELSE % END` was not met
                ├── 5. application of rule Check_command/while failed
                │   └── ../../../../../spectec/specs/impty/base/spec.spectec:125:10-125:26:
                │       condition command matches `WHILE % DO % END` was not met
                └── 6. application of rule Check_command/seq failed
                    └── ../../../../../spectec/specs/impty/base/spec.spectec:130:10-130:20:
                        condition command matches `% ; %` was not met


>>> Running typechecker test on ../../../../../spectec/testdata/interp/impty/base/_errors_bad_assign.imp
Expected typechecker failure: ../../../../../spectec/testdata/interp/impty/base/_errors_bad_assign.imp
  tracing backtrack logs:
invocation of relation Check_prog failed
└── application of rule Check_prog/ failed
    └── ../../../../../spectec/specs/impty/base/spec.spectec:143:6-143:19:
        invocation of relation Check_command failed
        ├── 1. application of rule Check_command/skip failed
        │   └── ../../../../../spectec/specs/impty/base/spec.spectec:107:9-107:13:
        │       condition command matches `SKIP` was not met
        ├── 2. application of rule Check_command/decl failed
        │   └── ../../../../../spectec/specs/impty/base/spec.spectec:111:28-111:32:
        │       condition (type' = type) was not met
        ├── 3. application of rule Check_command/assign failed
        │   └── ../../../../../spectec/specs/impty/base/spec.spectec:114:10-114:16:
        │       condition command matches `% = %` was not met
        ├── 4. application of rule Check_command/ite failed
        │   └── ../../../../../spectec/specs/impty/base/spec.spectec:119:10-119:36:
        │       condition command matches `IF % THEN % ELSE % END` was not met
        ├── 5. application of rule Check_command/while failed
        │   └── ../../../../../spectec/specs/impty/base/spec.spectec:125:10-125:26:
        │       condition command matches `WHILE % DO % END` was not met
        └── 6. application of rule Check_command/seq failed
            └── ../../../../../spectec/specs/impty/base/spec.spectec:130:10-130:20:
                condition command matches `% ; %` was not met


>>> Running typechecker test on ../../../../../spectec/testdata/interp/impty/base/_errors_if_not_bool.imp
Expected typechecker failure: ../../../../../spectec/testdata/interp/impty/base/_errors_if_not_bool.imp
  tracing backtrack logs:
invocation of relation Check_prog failed
└── application of rule Check_prog/ failed
    └── ../../../../../spectec/specs/impty/base/spec.spectec:143:6-143:19:
        invocation of relation Check_command failed
        ├── 1. application of rule Check_command/skip failed
        │   └── ../../../../../spectec/specs/impty/base/spec.spectec:107:9-107:13:
        │       condition command matches `SKIP` was not met
        ├── 2. application of rule Check_command/decl failed
        │   └── ../../../../../spectec/specs/impty/base/spec.spectec:110:10-110:21:
        │       condition command matches `% % = %` was not met
        ├── 3. application of rule Check_command/assign failed
        │   └── ../../../../../spectec/specs/impty/base/spec.spectec:114:10-114:16:
        │       condition command matches `% = %` was not met
        ├── 4. application of rule Check_command/ite failed
        │   └── ../../../../../spectec/specs/impty/base/spec.spectec:119:10-119:36:
        │       condition command matches `IF % THEN % ELSE % END` was not met
        ├── 5. application of rule Check_command/while failed
        │   └── ../../../../../spectec/specs/impty/base/spec.spectec:125:10-125:26:
        │       condition command matches `WHILE % DO % END` was not met
        └── 6. application of rule Check_command/seq failed
            └── ../../../../../spectec/specs/impty/base/spec.spectec:132:6-132:19:
                invocation of relation Check_command failed
                ├── 1. application of rule Check_command/skip failed
                │   └── ../../../../../spectec/specs/impty/base/spec.spectec:107:9-107:13:
                │       condition command matches `SKIP` was not met
                ├── 2. application of rule Check_command/decl failed
                │   └── ../../../../../spectec/specs/impty/base/spec.spectec:110:10-110:21:
                │       condition command matches `% % = %` was not met
                ├── 3. application of rule Check_command/assign failed
                │   └── ../../../../../spectec/specs/impty/base/spec.spectec:114:10-114:16:
                │       condition command matches `% = %` was not met
                ├── 4. application of rule Check_command/ite failed
                │   └── ../../../../../spectec/specs/impty/base/spec.spectec:120:28-120:32:
                │       condition type matches `BOOL` was not met
                ├── 5. application of rule Check_command/while failed
                │   └── ../../../../../spectec/specs/impty/base/spec.spectec:125:10-125:26:
                │       condition command matches `WHILE % DO % END` was not met
                └── 6. application of rule Check_command/seq failed
                    └── ../../../../../spectec/specs/impty/base/spec.spectec:130:10-130:20:
                        condition command matches `% ; %` was not met


>>> Running typechecker test on ../../../../../spectec/testdata/interp/impty/base/_errors_not_int.imp
Expected typechecker failure: ../../../../../spectec/testdata/interp/impty/base/_errors_not_int.imp
  tracing backtrack logs:
invocation of relation Check_prog failed
└── application of rule Check_prog/ failed
    └── ../../../../../spectec/specs/impty/base/spec.spectec:143:6-143:19:
        invocation of relation Check_command failed
        ├── 1. application of rule Check_command/skip failed
        │   └── ../../../../../spectec/specs/impty/base/spec.spectec:107:9-107:13:
        │       condition command matches `SKIP` was not met
        ├── 2. application of rule Check_command/decl failed
        │   └── ../../../../../spectec/specs/impty/base/spec.spectec:111:6-111:16:
        │       invocation of relation Check_expr failed
        │       ├── 1. application of rule Check_expr/num failed
        │       │   └── ../../../../../spectec/specs/impty/base/spec.spectec:70:10-70:16:
        │       │       condition expr <: literal was not met
        │       ├── 2. application of rule Check_expr/boollit failed
        │       │   └── ../../../../../spectec/specs/impty/base/spec.spectec:73:10-73:17:
        │       │       condition expr <: literal was not met
        │       ├── 3. application of rule Check_expr/id failed
        │       │   └── ../../../../../spectec/specs/impty/base/spec.spectec:76:9-76:10:
        │       │       condition expr <: id was not met
        │       ├── 4. application of rule Check_expr/add failed
        │       │   └── ../../../../../spectec/specs/impty/base/spec.spectec:80:9-80:19:
        │       │       condition expr matches `% + %` was not met
        │       ├── 5. application of rule Check_expr/leq failed
        │       │   └── ../../../../../spectec/specs/impty/base/spec.spectec:85:9-85:20:
        │       │       condition expr matches `% <= %` was not met
        │       ├── 6. application of rule Check_expr/not failed
        │       │   └── ../../../../../spectec/specs/impty/base/spec.spectec:91:28-91:32:
        │       │       condition type matches `BOOL` was not met
        │       └── 7. application of rule Check_expr/and failed
        │           └── ../../../../../spectec/specs/impty/base/spec.spectec:94:9-94:20:
        │               condition expr matches `% && %` was not met
        ├── 3. application of rule Check_command/assign failed
        │   └── ../../../../../spectec/specs/impty/base/spec.spectec:114:10-114:16:
        │       condition command matches `% = %` was not met
        ├── 4. application of rule Check_command/ite failed
        │   └── ../../../../../spectec/specs/impty/base/spec.spectec:119:10-119:36:
        │       condition command matches `IF % THEN % ELSE % END` was not met
        ├── 5. application of rule Check_command/while failed
        │   └── ../../../../../spectec/specs/impty/base/spec.spectec:125:10-125:26:
        │       condition command matches `WHILE % DO % END` was not met
        └── 6. application of rule Check_command/seq failed
            └── ../../../../../spectec/specs/impty/base/spec.spectec:130:10-130:20:
                condition command matches `% ; %` was not met


>>> Running typechecker test on ../../../../../spectec/testdata/interp/impty/base/_errors_undeclared.imp
Expected typechecker failure: ../../../../../spectec/testdata/interp/impty/base/_errors_undeclared.imp
  tracing backtrack logs:
invocation of relation Check_prog failed
└── application of rule Check_prog/ failed
    └── ../../../../../spectec/specs/impty/base/spec.spectec:143:6-143:19:
        invocation of relation Check_command failed
        ├── 1. application of rule Check_command/skip failed
        │   └── ../../../../../spectec/specs/impty/base/spec.spectec:107:9-107:13:
        │       condition command matches `SKIP` was not met
        ├── 2. application of rule Check_command/decl failed
        │   └── ../../../../../spectec/specs/impty/base/spec.spectec:110:10-110:21:
        │       condition command matches `% % = %` was not met
        ├── 3. application of rule Check_command/assign failed
        │   └── ../../../../../spectec/specs/impty/base/spec.spectec:116:9-116:41:
        │       condition ($lookup_<id, type>(TC, x) = ?(type)) was not met
        ├── 4. application of rule Check_command/ite failed
        │   └── ../../../../../spectec/specs/impty/base/spec.spectec:119:10-119:36:
        │       condition command matches `IF % THEN % ELSE % END` was not met
        ├── 5. application of rule Check_command/while failed
        │   └── ../../../../../spectec/specs/impty/base/spec.spectec:125:10-125:26:
        │       condition command matches `WHILE % DO % END` was not met
        └── 6. application of rule Check_command/seq failed
            └── ../../../../../spectec/specs/impty/base/spec.spectec:130:10-130:20:
                condition command matches `% ; %` was not met


Typechecker (il) summary
  Ran:          6 / 6      (100.00%)
  Passed:       6 (100.00% of ran)
  Failed:       0 (0.00% of ran)
  Skipped:      0 (0.00% of total)


