Running typechecker test on 6 files

>>> Running typechecker test on ../../../../../spectec/testdata/interp/impty/base/bool_ops.imp
Typechecker success: ../../../../../spectec/testdata/interp/impty/base/bool_ops.imp

>>> Running typechecker test on ../../../../../spectec/testdata/interp/impty/base/ite.imp
Typechecker success: ../../../../../spectec/testdata/interp/impty/base/ite.imp

>>> Running typechecker test on ../../../../../spectec/testdata/interp/impty/base/loop.imp
Typechecker success: ../../../../../spectec/testdata/interp/impty/base/loop.imp

>>> Running typechecker test on ../../../../../spectec/testdata/interp/impty/base/skip.imp
Typechecker success: ../../../../../spectec/testdata/interp/impty/base/skip.imp

>>> Running typechecker test on ../../../../../spectec/testdata/interp/impty/closure/closure.imp
Typechecker success: ../../../../../spectec/testdata/interp/impty/closure/closure.imp

>>> Running typechecker test on ../../../../../spectec/testdata/interp/impty/closure/static-vs-dynamic.imp
Typechecker success: ../../../../../spectec/testdata/interp/impty/closure/static-vs-dynamic.imp

Typechecker (sl) summary
  Ran:          6 / 6      (100.00%)
  Passed:       6 (100.00% of ran)
  Failed:       0 (0.00% of ran)
  Skipped:      0 (0.00% of total)


