Running typechecker test on 4 files

>>> Running typechecker test on ../../../../../spectec/testdata/interp/impty/base/bool_ops.imp
Typechecker success: ../../../../../spectec/testdata/interp/impty/base/bool_ops.imp

>>> Running typechecker test on ../../../../../spectec/testdata/interp/impty/base/ite.imp
Typechecker success: ../../../../../spectec/testdata/interp/impty/base/ite.imp

>>> Running typechecker test on ../../../../../spectec/testdata/interp/impty/base/loop.imp
Typechecker success: ../../../../../spectec/testdata/interp/impty/base/loop.imp

>>> Running typechecker test on ../../../../../spectec/testdata/interp/impty/base/skip.imp
Typechecker success: ../../../../../spectec/testdata/interp/impty/base/skip.imp

Typechecker (il) summary
  Ran:          4 / 4      (100.00%)
  Passed:       4 (100.00% of ran)
  Failed:       0 (0.00% of ran)
  Skipped:      0 (0.00% of total)


