Running typechecker test on 8 files

>>> Running typechecker test on ../../../../../spectec/testdata/interp/impty/base/_errors_add_bool.imp
Expected typechecker failure: ../../../../../spectec/testdata/interp/impty/base/_errors_add_bool.imp
error: invocation of relation Check_prog failed
application of rule Check_prog/ failed
└── invocation of relation Check_command failed
    └── application of rule Check_command/decl failed
        └── invocation of relation Check_expr failed
            └── application of rule Check_expr/add failed
                └── condition type matches `INT` was not met

>>> Running typechecker test on ../../../../../spectec/testdata/interp/impty/base/_errors_assign_mismatch.imp
Expected typechecker failure: ../../../../../spectec/testdata/interp/impty/base/_errors_assign_mismatch.imp
error: invocation of relation Check_prog failed
application of rule Check_prog/ failed
└── invocation of relation Check_command failed
    └── application of rule Check_command/seq failed
        └── invocation of relation Check_command failed
            └── application of rule Check_command/assign failed
                └── condition ($lookup_<id, type>(tenv, x) = ?(type)) was not met

>>> Running typechecker test on ../../../../../spectec/testdata/interp/impty/base/_errors_bad_assign.imp
Expected typechecker failure: ../../../../../spectec/testdata/interp/impty/base/_errors_bad_assign.imp
error: invocation of relation Check_prog failed
application of rule Check_prog/ failed
└── invocation of relation Check_command failed
    └── application of rule Check_command/decl failed
        └── condition (type' = type) was not met

>>> Running typechecker test on ../../../../../spectec/testdata/interp/impty/base/_errors_if_not_bool.imp
Expected typechecker failure: ../../../../../spectec/testdata/interp/impty/base/_errors_if_not_bool.imp
error: invocation of relation Check_prog failed
application of rule Check_prog/ failed
└── invocation of relation Check_command failed
    └── application of rule Check_command/seq failed
        └── invocation of relation Check_command failed
            └── application of rule Check_command/ite failed
                └── condition type matches `BOOL` was not met

>>> Running typechecker test on ../../../../../spectec/testdata/interp/impty/base/_errors_not_int.imp
Expected typechecker failure: ../../../../../spectec/testdata/interp/impty/base/_errors_not_int.imp
error: invocation of relation Check_prog failed
application of rule Check_prog/ failed
└── invocation of relation Check_command failed
    └── application of rule Check_command/decl failed
        └── invocation of relation Check_expr failed
            └── application of rule Check_expr/not failed
                └── condition type matches `BOOL` was not met

>>> Running typechecker test on ../../../../../spectec/testdata/interp/impty/base/_errors_undeclared.imp
Expected typechecker failure: ../../../../../spectec/testdata/interp/impty/base/_errors_undeclared.imp
error: invocation of relation Check_prog failed
application of rule Check_prog/ failed
└── invocation of relation Check_command failed
    └── application of rule Check_command/assign failed
        └── condition ($lookup_<id, type>(tenv, x) = ?(type)) was not met

>>> Running typechecker test on ../../../../../spectec/testdata/interp/impty/closure/_errors_arg_type.imp
Expected typechecker failure: ../../../../../spectec/testdata/interp/impty/closure/_errors_arg_type.imp
error: invocation of relation Check_prog failed
application of rule Check_prog/ failed
└── invocation of relation Check_command failed
    └── application of rule Check_command/seq failed
        └── invocation of relation Check_command failed
            └── application of rule Check_command/decl failed
                └── invocation of relation Check_expr failed
                    └── application of rule Check_expr/call failed
                        └── condition (type' = type_arg) was not met

>>> Running typechecker test on ../../../../../spectec/testdata/interp/impty/closure/_errors_call_non_function.imp
Expected typechecker failure: ../../../../../spectec/testdata/interp/impty/closure/_errors_call_non_function.imp
error: invocation of relation Check_prog failed
application of rule Check_prog/ failed
└── invocation of relation Check_command failed
    └── application of rule Check_command/seq failed
        └── invocation of relation Check_command failed
            └── application of rule Check_command/decl failed
                └── invocation of relation Check_expr failed
                    └── application of rule Check_expr/call failed
                        └── condition type matches `% -> %` was not met

Typechecker (il) summary
  Ran:          8 / 8      (100.00%)
  Passed:       8 (100.00% of ran)
  Failed:       0 (0.00% of ran)
  Skipped:      0 (0.00% of total)


