Running typechecker test on 8 files

>>> Running typechecker test on ../../../../../spectec/testdata/interp/impty/base/_errors_add_bool.imp
Expected typechecker failure: ../../../../../spectec/testdata/interp/impty/base/_errors_add_bool.imp
  tracing backtrack logs:
invocation of relation Check_prog failed
└── application of rule Check_prog/ failed
    └── ../../../../../spectec/examples/impty/closure/spec.spectec:151:6-151:19:
        invocation of relation Check_command failed
        ├── 1. application of rule Check_command/skip failed
        │   └── ../../../../../spectec/examples/impty/closure/spec.spectec:116:9-116:13:
        │       condition command matches `SKIP` was not met
        ├── 2. application of rule Check_command/decl failed
        │   └── ../../../../../spectec/examples/impty/closure/spec.spectec:120:6-120:16:
        │       invocation of relation Check_expr failed
        │       ├── 1. application of rule Check_expr/num failed
        │       │   └── ../../../../../spectec/examples/impty/closure/spec.spectec:71:10-71:16:
        │       │       condition expr <: literal was not met
        │       ├── 2. application of rule Check_expr/boollit failed
        │       │   └── ../../../../../spectec/examples/impty/closure/spec.spectec:74:10-74:17:
        │       │       condition expr <: literal was not met
        │       ├── 3. application of rule Check_expr/id failed
        │       │   └── ../../../../../spectec/examples/impty/closure/spec.spectec:77:9-77:10:
        │       │       condition expr <: id was not met
        │       ├── 4. application of rule Check_expr/add failed
        │       │   └── ../../../../../spectec/examples/impty/closure/spec.spectec:82:30-82:33:
        │       │       condition type matches `INT` was not met
        │       ├── 5. application of rule Check_expr/leq failed
        │       │   └── ../../../../../spectec/examples/impty/closure/spec.spectec:86:9-86:20:
        │       │       condition expr matches `% <= %` was not met
        │       ├── 6. application of rule Check_expr/not failed
        │       │   └── ../../../../../spectec/examples/impty/closure/spec.spectec:91:9-91:13:
        │       │       condition expr matches `! %` was not met
        │       ├── 7. application of rule Check_expr/and failed
        │       │   └── ../../../../../spectec/examples/impty/closure/spec.spectec:95:9-95:20:
        │       │       condition expr matches `% && %` was not met
        │       ├── 8. application of rule Check_expr/fun failed
        │       │   └── ../../../../../spectec/examples/impty/closure/spec.spectec:100:9-100:51:
        │       │       condition expr matches `FUN (% %) -> % {%}` was not met
        │       └── 9. application of rule Check_expr/call failed
        │           └── ../../../../../spectec/examples/impty/closure/spec.spectec:104:10-104:22:
        │               condition expr matches `% (%)` was not met
        ├── 3. application of rule Check_command/assign failed
        │   └── ../../../../../spectec/examples/impty/closure/spec.spectec:123:10-123:16:
        │       condition command matches `% = %` was not met
        ├── 4. application of rule Check_command/ite failed
        │   └── ../../../../../spectec/examples/impty/closure/spec.spectec:128:10-128:36:
        │       condition command matches `IF % THEN % ELSE % END` was not met
        ├── 5. application of rule Check_command/while failed
        │   └── ../../../../../spectec/examples/impty/closure/spec.spectec:134:10-134:26:
        │       condition command matches `WHILE % DO % END` was not met
        └── 6. application of rule Check_command/seq failed
            └── ../../../../../spectec/examples/impty/closure/spec.spectec:139:10-139:20:
                condition command matches `% ; %` was not met


>>> Running typechecker test on ../../../../../spectec/testdata/interp/impty/base/_errors_assign_mismatch.imp
Expected typechecker failure: ../../../../../spectec/testdata/interp/impty/base/_errors_assign_mismatch.imp
  tracing backtrack logs:
invocation of relation Check_prog failed
└── application of rule Check_prog/ failed
    └── ../../../../../spectec/examples/impty/closure/spec.spectec:151:6-151:19:
        invocation of relation Check_command failed
        ├── 1. application of rule Check_command/skip failed
        │   └── ../../../../../spectec/examples/impty/closure/spec.spectec:116:9-116:13:
        │       condition command matches `SKIP` was not met
        ├── 2. application of rule Check_command/decl failed
        │   └── ../../../../../spectec/examples/impty/closure/spec.spectec:119:10-119:21:
        │       condition command matches `% % = %` was not met
        ├── 3. application of rule Check_command/assign failed
        │   └── ../../../../../spectec/examples/impty/closure/spec.spectec:123:10-123:16:
        │       condition command matches `% = %` was not met
        ├── 4. application of rule Check_command/ite failed
        │   └── ../../../../../spectec/examples/impty/closure/spec.spectec:128:10-128:36:
        │       condition command matches `IF % THEN % ELSE % END` was not met
        ├── 5. application of rule Check_command/while failed
        │   └── ../../../../../spectec/examples/impty/closure/spec.spectec:134:10-134:26:
        │       condition command matches `WHILE % DO % END` was not met
        └── 6. application of rule Check_command/seq failed
            └── ../../../../../spectec/examples/impty/closure/spec.spectec:141:6-141:19:
                invocation of relation Check_command failed
                ├── 1. application of rule Check_command/skip failed
                │   └── ../../../../../spectec/examples/impty/closure/spec.spectec:116:9-116:13:
                │       condition command matches `SKIP` was not met
                ├── 2. application of rule Check_command/decl failed
                │   └── ../../../../../spectec/examples/impty/closure/spec.spectec:119:10-119:21:
                │       condition command matches `% % = %` was not met
                ├── 3. application of rule Check_command/assign failed
                │   └── ../../../../../spectec/examples/impty/closure/spec.spectec:125:9-125:41:
                │       condition ($lookup_<id, type>(TC, x) = ?(type)) was not met
                ├── 4. application of rule Check_command/ite failed
                │   └── ../../../../../spectec/examples/impty/closure/spec.spectec:128:10-128:36:
                │       condition command matches `IF % THEN % ELSE % END` was not met
                ├── 5. application of rule Check_command/while failed
                │   └── ../../../../../spectec/examples/impty/closure/spec.spectec:134:10-134:26:
                │       condition command matches `WHILE % DO % END` was not met
                └── 6. application of rule Check_command/seq failed
                    └── ../../../../../spectec/examples/impty/closure/spec.spectec:139:10-139:20:
                        condition command matches `% ; %` was not met


>>> Running typechecker test on ../../../../../spectec/testdata/interp/impty/base/_errors_bad_assign.imp
Expected typechecker failure: ../../../../../spectec/testdata/interp/impty/base/_errors_bad_assign.imp
  tracing backtrack logs:
invocation of relation Check_prog failed
└── application of rule Check_prog/ failed
    └── ../../../../../spectec/examples/impty/closure/spec.spectec:151:6-151:19:
        invocation of relation Check_command failed
        ├── 1. application of rule Check_command/skip failed
        │   └── ../../../../../spectec/examples/impty/closure/spec.spectec:116:9-116:13:
        │       condition command matches `SKIP` was not met
        ├── 2. application of rule Check_command/decl failed
        │   └── ../../../../../spectec/examples/impty/closure/spec.spectec:120:28-120:32:
        │       condition (type' = type) was not met
        ├── 3. application of rule Check_command/assign failed
        │   └── ../../../../../spectec/examples/impty/closure/spec.spectec:123:10-123:16:
        │       condition command matches `% = %` was not met
        ├── 4. application of rule Check_command/ite failed
        │   └── ../../../../../spectec/examples/impty/closure/spec.spectec:128:10-128:36:
        │       condition command matches `IF % THEN % ELSE % END` was not met
        ├── 5. application of rule Check_command/while failed
        │   └── ../../../../../spectec/examples/impty/closure/spec.spectec:134:10-134:26:
        │       condition command matches `WHILE % DO % END` was not met
        └── 6. application of rule Check_command/seq failed
            └── ../../../../../spectec/examples/impty/closure/spec.spectec:139:10-139:20:
                condition command matches `% ; %` was not met


>>> Running typechecker test on ../../../../../spectec/testdata/interp/impty/base/_errors_if_not_bool.imp
Expected typechecker failure: ../../../../../spectec/testdata/interp/impty/base/_errors_if_not_bool.imp
  tracing backtrack logs:
invocation of relation Check_prog failed
└── application of rule Check_prog/ failed
    └── ../../../../../spectec/examples/impty/closure/spec.spectec:151:6-151:19:
        invocation of relation Check_command failed
        ├── 1. application of rule Check_command/skip failed
        │   └── ../../../../../spectec/examples/impty/closure/spec.spectec:116:9-116:13:
        │       condition command matches `SKIP` was not met
        ├── 2. application of rule Check_command/decl failed
        │   └── ../../../../../spectec/examples/impty/closure/spec.spectec:119:10-119:21:
        │       condition command matches `% % = %` was not met
        ├── 3. application of rule Check_command/assign failed
        │   └── ../../../../../spectec/examples/impty/closure/spec.spectec:123:10-123:16:
        │       condition command matches `% = %` was not met
        ├── 4. application of rule Check_command/ite failed
        │   └── ../../../../../spectec/examples/impty/closure/spec.spectec:128:10-128:36:
        │       condition command matches `IF % THEN % ELSE % END` was not met
        ├── 5. application of rule Check_command/while failed
        │   └── ../../../../../spectec/examples/impty/closure/spec.spectec:134:10-134:26:
        │       condition command matches `WHILE % DO % END` was not met
        └── 6. application of rule Check_command/seq failed
            └── ../../../../../spectec/examples/impty/closure/spec.spectec:141:6-141:19:
                invocation of relation Check_command failed
                ├── 1. application of rule Check_command/skip failed
                │   └── ../../../../../spectec/examples/impty/closure/spec.spectec:116:9-116:13:
                │       condition command matches `SKIP` was not met
                ├── 2. application of rule Check_command/decl failed
                │   └── ../../../../../spectec/examples/impty/closure/spec.spectec:119:10-119:21:
                │       condition command matches `% % = %` was not met
                ├── 3. application of rule Check_command/assign failed
                │   └── ../../../../../spectec/examples/impty/closure/spec.spectec:123:10-123:16:
                │       condition command matches `% = %` was not met
                ├── 4. application of rule Check_command/ite failed
                │   └── ../../../../../spectec/examples/impty/closure/spec.spectec:129:28-129:32:
                │       condition type matches `BOOL` was not met
                ├── 5. application of rule Check_command/while failed
                │   └── ../../../../../spectec/examples/impty/closure/spec.spectec:134:10-134:26:
                │       condition command matches `WHILE % DO % END` was not met
                └── 6. application of rule Check_command/seq failed
                    └── ../../../../../spectec/examples/impty/closure/spec.spectec:139:10-139:20:
                        condition command matches `% ; %` was not met


>>> Running typechecker test on ../../../../../spectec/testdata/interp/impty/base/_errors_not_int.imp
Expected typechecker failure: ../../../../../spectec/testdata/interp/impty/base/_errors_not_int.imp
  tracing backtrack logs:
invocation of relation Check_prog failed
└── application of rule Check_prog/ failed
    └── ../../../../../spectec/examples/impty/closure/spec.spectec:151:6-151:19:
        invocation of relation Check_command failed
        ├── 1. application of rule Check_command/skip failed
        │   └── ../../../../../spectec/examples/impty/closure/spec.spectec:116:9-116:13:
        │       condition command matches `SKIP` was not met
        ├── 2. application of rule Check_command/decl failed
        │   └── ../../../../../spectec/examples/impty/closure/spec.spectec:120:6-120:16:
        │       invocation of relation Check_expr failed
        │       ├── 1. application of rule Check_expr/num failed
        │       │   └── ../../../../../spectec/examples/impty/closure/spec.spectec:71:10-71:16:
        │       │       condition expr <: literal was not met
        │       ├── 2. application of rule Check_expr/boollit failed
        │       │   └── ../../../../../spectec/examples/impty/closure/spec.spectec:74:10-74:17:
        │       │       condition expr <: literal was not met
        │       ├── 3. application of rule Check_expr/id failed
        │       │   └── ../../../../../spectec/examples/impty/closure/spec.spectec:77:9-77:10:
        │       │       condition expr <: id was not met
        │       ├── 4. application of rule Check_expr/add failed
        │       │   └── ../../../../../spectec/examples/impty/closure/spec.spectec:81:9-81:19:
        │       │       condition expr matches `% + %` was not met
        │       ├── 5. application of rule Check_expr/leq failed
        │       │   └── ../../../../../spectec/examples/impty/closure/spec.spectec:86:9-86:20:
        │       │       condition expr matches `% <= %` was not met
        │       ├── 6. application of rule Check_expr/not failed
        │       │   └── ../../../../../spectec/examples/impty/closure/spec.spectec:92:28-92:32:
        │       │       condition type matches `BOOL` was not met
        │       ├── 7. application of rule Check_expr/and failed
        │       │   └── ../../../../../spectec/examples/impty/closure/spec.spectec:95:9-95:20:
        │       │       condition expr matches `% && %` was not met
        │       ├── 8. application of rule Check_expr/fun failed
        │       │   └── ../../../../../spectec/examples/impty/closure/spec.spectec:100:9-100:51:
        │       │       condition expr matches `FUN (% %) -> % {%}` was not met
        │       └── 9. application of rule Check_expr/call failed
        │           └── ../../../../../spectec/examples/impty/closure/spec.spectec:104:10-104:22:
        │               condition expr matches `% (%)` was not met
        ├── 3. application of rule Check_command/assign failed
        │   └── ../../../../../spectec/examples/impty/closure/spec.spectec:123:10-123:16:
        │       condition command matches `% = %` was not met
        ├── 4. application of rule Check_command/ite failed
        │   └── ../../../../../spectec/examples/impty/closure/spec.spectec:128:10-128:36:
        │       condition command matches `IF % THEN % ELSE % END` was not met
        ├── 5. application of rule Check_command/while failed
        │   └── ../../../../../spectec/examples/impty/closure/spec.spectec:134:10-134:26:
        │       condition command matches `WHILE % DO % END` was not met
        └── 6. application of rule Check_command/seq failed
            └── ../../../../../spectec/examples/impty/closure/spec.spectec:139:10-139:20:
                condition command matches `% ; %` was not met


>>> Running typechecker test on ../../../../../spectec/testdata/interp/impty/base/_errors_undeclared.imp
Expected typechecker failure: ../../../../../spectec/testdata/interp/impty/base/_errors_undeclared.imp
  tracing backtrack logs:
invocation of relation Check_prog failed
└── application of rule Check_prog/ failed
    └── ../../../../../spectec/specs/impty/closure/spec.spectec:151:6-151:19:
        invocation of relation Check_command failed
        ├── 1. application of rule Check_command/skip failed
        │   └── ../../../../../spectec/specs/impty/closure/spec.spectec:116:9-116:13:
        │       condition command matches `SKIP` was not met
        ├── 2. application of rule Check_command/decl failed
        │   └── ../../../../../spectec/specs/impty/closure/spec.spectec:119:10-119:21:
        │       condition command matches `% % = %` was not met
        ├── 3. application of rule Check_command/assign failed
        │   └── ../../../../../spectec/specs/impty/closure/spec.spectec:125:9-125:41:
        │       condition ($lookup_<id, type>(TC, x) = ?(type)) was not met
        ├── 4. application of rule Check_command/ite failed
        │   └── ../../../../../spectec/specs/impty/closure/spec.spectec:128:10-128:36:
        │       condition command matches `IF % THEN % ELSE % END` was not met
        ├── 5. application of rule Check_command/while failed
        │   └── ../../../../../spectec/specs/impty/closure/spec.spectec:134:10-134:26:
        │       condition command matches `WHILE % DO % END` was not met
        └── 6. application of rule Check_command/seq failed
            └── ../../../../../spectec/specs/impty/closure/spec.spectec:139:10-139:20:
                condition command matches `% ; %` was not met


>>> Running typechecker test on ../../../../../spectec/testdata/interp/impty/closure/_errors_arg_type.imp
Expected typechecker failure: ../../../../../spectec/testdata/interp/impty/closure/_errors_arg_type.imp
  tracing backtrack logs:
invocation of relation Check_prog failed
└── application of rule Check_prog/ failed
    └── ../../../../../spectec/examples/impty/closure/spec.spectec:151:6-151:19:
        invocation of relation Check_command failed
        ├── 1. application of rule Check_command/skip failed
        │   └── ../../../../../spectec/examples/impty/closure/spec.spectec:116:9-116:13:
        │       condition command matches `SKIP` was not met
        ├── 2. application of rule Check_command/decl failed
        │   └── ../../../../../spectec/examples/impty/closure/spec.spectec:119:10-119:21:
        │       condition command matches `% % = %` was not met
        ├── 3. application of rule Check_command/assign failed
        │   └── ../../../../../spectec/examples/impty/closure/spec.spectec:123:10-123:16:
        │       condition command matches `% = %` was not met
        ├── 4. application of rule Check_command/ite failed
        │   └── ../../../../../spectec/examples/impty/closure/spec.spectec:128:10-128:36:
        │       condition command matches `IF % THEN % ELSE % END` was not met
        ├── 5. application of rule Check_command/while failed
        │   └── ../../../../../spectec/examples/impty/closure/spec.spectec:134:10-134:26:
        │       condition command matches `WHILE % DO % END` was not met
        └── 6. application of rule Check_command/seq failed
            └── ../../../../../spectec/examples/impty/closure/spec.spectec:141:6-141:19:
                invocation of relation Check_command failed
                ├── 1. application of rule Check_command/skip failed
                │   └── ../../../../../spectec/examples/impty/closure/spec.spectec:116:9-116:13:
                │       condition command matches `SKIP` was not met
                ├── 2. application of rule Check_command/decl failed
                │   └── ../../../../../spectec/examples/impty/closure/spec.spectec:120:6-120:16:
                │       invocation of relation Check_expr failed
                │       ├── 1. application of rule Check_expr/num failed
                │       │   └── ../../../../../spectec/examples/impty/closure/spec.spectec:71:10-71:16:
                │       │       condition expr <: literal was not met
                │       ├── 2. application of rule Check_expr/boollit failed
                │       │   └── ../../../../../spectec/examples/impty/closure/spec.spectec:74:10-74:17:
                │       │       condition expr <: literal was not met
                │       ├── 3. application of rule Check_expr/id failed
                │       │   └── ../../../../../spectec/examples/impty/closure/spec.spectec:77:9-77:10:
                │       │       condition expr <: id was not met
                │       ├── 4. application of rule Check_expr/add failed
                │       │   └── ../../../../../spectec/examples/impty/closure/spec.spectec:81:9-81:19:
                │       │       condition expr matches `% + %` was not met
                │       ├── 5. application of rule Check_expr/leq failed
                │       │   └── ../../../../../spectec/examples/impty/closure/spec.spectec:86:9-86:20:
                │       │       condition expr matches `% <= %` was not met
                │       ├── 6. application of rule Check_expr/not failed
                │       │   └── ../../../../../spectec/examples/impty/closure/spec.spectec:91:9-91:13:
                │       │       condition expr matches `! %` was not met
                │       ├── 7. application of rule Check_expr/and failed
                │       │   └── ../../../../../spectec/examples/impty/closure/spec.spectec:95:9-95:20:
                │       │       condition expr matches `% && %` was not met
                │       ├── 8. application of rule Check_expr/fun failed
                │       │   └── ../../../../../spectec/examples/impty/closure/spec.spectec:100:9-100:51:
                │       │       condition expr matches `FUN (% %) -> % {%}` was not met
                │       └── 9. application of rule Check_expr/call failed
                │           └── ../../../../../spectec/examples/impty/closure/spec.spectec:106:30-106:38:
                │               condition (type' = type_arg) was not met
                ├── 3. application of rule Check_command/assign failed
                │   └── ../../../../../spectec/examples/impty/closure/spec.spectec:123:10-123:16:
                │       condition command matches `% = %` was not met
                ├── 4. application of rule Check_command/ite failed
                │   └── ../../../../../spectec/examples/impty/closure/spec.spectec:128:10-128:36:
                │       condition command matches `IF % THEN % ELSE % END` was not met
                ├── 5. application of rule Check_command/while failed
                │   └── ../../../../../spectec/examples/impty/closure/spec.spectec:134:10-134:26:
                │       condition command matches `WHILE % DO % END` was not met
                └── 6. application of rule Check_command/seq failed
                    └── ../../../../../spectec/examples/impty/closure/spec.spectec:139:10-139:20:
                        condition command matches `% ; %` was not met


>>> Running typechecker test on ../../../../../spectec/testdata/interp/impty/closure/_errors_call_non_function.imp
Expected typechecker failure: ../../../../../spectec/testdata/interp/impty/closure/_errors_call_non_function.imp
  tracing backtrack logs:
invocation of relation Check_prog failed
└── application of rule Check_prog/ failed
    └── ../../../../../spectec/specs/impty/closure/spec.spectec:151:6-151:19:
        invocation of relation Check_command failed
        ├── 1. application of rule Check_command/skip failed
        │   └── ../../../../../spectec/specs/impty/closure/spec.spectec:116:9-116:13:
        │       condition command matches `SKIP` was not met
        ├── 2. application of rule Check_command/decl failed
        │   └── ../../../../../spectec/specs/impty/closure/spec.spectec:119:10-119:21:
        │       condition command matches `% % = %` was not met
        ├── 3. application of rule Check_command/assign failed
        │   └── ../../../../../spectec/specs/impty/closure/spec.spectec:123:10-123:16:
        │       condition command matches `% = %` was not met
        ├── 4. application of rule Check_command/ite failed
        │   └── ../../../../../spectec/specs/impty/closure/spec.spectec:128:10-128:36:
        │       condition command matches `IF % THEN % ELSE % END` was not met
        ├── 5. application of rule Check_command/while failed
        │   └── ../../../../../spectec/specs/impty/closure/spec.spectec:134:10-134:26:
        │       condition command matches `WHILE % DO % END` was not met
        └── 6. application of rule Check_command/seq failed
            └── ../../../../../spectec/specs/impty/closure/spec.spectec:141:6-141:19:
                invocation of relation Check_command failed
                ├── 1. application of rule Check_command/skip failed
                │   └── ../../../../../spectec/specs/impty/closure/spec.spectec:116:9-116:13:
                │       condition command matches `SKIP` was not met
                ├── 2. application of rule Check_command/decl failed
                │   └── ../../../../../spectec/specs/impty/closure/spec.spectec:120:6-120:16:
                │       invocation of relation Check_expr failed
                │       ├── 1. application of rule Check_expr/num failed
                │       │   └── ../../../../../spectec/specs/impty/closure/spec.spectec:71:10-71:16:
                │       │       condition expr <: literal was not met
                │       ├── 2. application of rule Check_expr/boollit failed
                │       │   └── ../../../../../spectec/specs/impty/closure/spec.spectec:74:10-74:17:
                │       │       condition expr <: literal was not met
                │       ├── 3. application of rule Check_expr/id failed
                │       │   └── ../../../../../spectec/specs/impty/closure/spec.spectec:77:9-77:10:
                │       │       condition expr <: id was not met
                │       ├── 4. application of rule Check_expr/add failed
                │       │   └── ../../../../../spectec/specs/impty/closure/spec.spectec:81:9-81:19:
                │       │       condition expr matches `% + %` was not met
                │       ├── 5. application of rule Check_expr/leq failed
                │       │   └── ../../../../../spectec/specs/impty/closure/spec.spectec:86:9-86:20:
                │       │       condition expr matches `% <= %` was not met
                │       ├── 6. application of rule Check_expr/not failed
                │       │   └── ../../../../../spectec/specs/impty/closure/spec.spectec:91:9-91:13:
                │       │       condition expr matches `! %` was not met
                │       ├── 7. application of rule Check_expr/and failed
                │       │   └── ../../../../../spectec/specs/impty/closure/spec.spectec:95:9-95:20:
                │       │       condition expr matches `% && %` was not met
                │       ├── 8. application of rule Check_expr/fun failed
                │       │   └── ../../../../../spectec/specs/impty/closure/spec.spectec:100:9-100:51:
                │       │       condition expr matches `FUN (% %) -> % {%}` was not met
                │       └── 9. application of rule Check_expr/call failed
                │           └── ../../../../../spectec/specs/impty/closure/spec.spectec:105:30-105:50:
                │               condition type matches `% -> %` was not met
                ├── 3. application of rule Check_command/assign failed
                │   └── ../../../../../spectec/specs/impty/closure/spec.spectec:123:10-123:16:
                │       condition command matches `% = %` was not met
                ├── 4. application of rule Check_command/ite failed
                │   └── ../../../../../spectec/specs/impty/closure/spec.spectec:128:10-128:36:
                │       condition command matches `IF % THEN % ELSE % END` was not met
                ├── 5. application of rule Check_command/while failed
                │   └── ../../../../../spectec/specs/impty/closure/spec.spectec:134:10-134:26:
                │       condition command matches `WHILE % DO % END` was not met
                └── 6. application of rule Check_command/seq failed
                    └── ../../../../../spectec/specs/impty/closure/spec.spectec:139:10-139:20:
                        condition command matches `% ; %` was not met


Typechecker (il) summary
  Ran:          8 / 8      (100.00%)
  Passed:       8 (100.00% of ran)
  Failed:       0 (0.00% of ran)
  Skipped:      0 (0.00% of total)


